*** EVALUATION ***
PROGRAM "3-interupcionIRQ.abs"

*********************************************************************************************
TARGET SECTION
---------------------------------------------------------------------------------------------
Processor   : Freescale HC08
Memory Model: SMALL
File Format : ELF\DWARF 2.0
Linker      : SmartLinker V-5.0.51 Build 14019, Jan 20 2014

*********************************************************************************************
FILE SECTION
---------------------------------------------------------------------------------------------
main_asm.obj                            Model: SMALL,         Lang: Assembler

*********************************************************************************************
STARTUP SECTION
---------------------------------------------------------------------------------------------
Entry point: 0xE000 (_Startup)

*********************************************************************************************
SECTION-ALLOCATION SECTION
Section Name                    Size  Type     From       To       Segment
---------------------------------------------------------------------------------------------
.init                            100     R     0xE000     0xE063   ROM
.stack                            64   R/W      0x100      0x13F   RAM
.vectSeg0_vect                     2     R     0xFFFA     0xFFFB   .vectSeg0
.vectSeg1_vect                     2     R     0xFFFE     0xFFFF   .vectSeg1

Summary of section sizes per section type:
READ_ONLY (R):          68 (dec:      104)
READ_WRITE (R/W):       40 (dec:       64)

*********************************************************************************************
VECTOR-ALLOCATION SECTION
    Address     InitValue   InitFunction
---------------------------------------------------------------------------------------------
     0xFFFA        0xE04D   IRQ_ISR
     0xFFFE        0xE000   _Startup

*********************************************************************************************
OBJECT-ALLOCATION SECTION
     Name               Module                 Addr   hSize   dSize     Ref    Section   RLIB
---------------------------------------------------------------------------------------------
MODULE:                 -- main_asm.obj --
- PROCEDURES:
     _Startup                                  E000       8       8       0   .init       
     main                                      E000       0       0       0   .init       
     mainLoop                                  E008       D      13       0   .init       
     config                                    E015       C      12       1   .init       
     IRQ_Config                                E021       A      10       1   .init       
     debounce                                  E02B       2       2       1   .init       
     db1                                       E02D       3       3       0   .init       
     db2                                       E030       3       3       0   .init       
     db3                                       E033       9       9       0   .init       
     retardo                                   E03C       2       2       3   .init       
     rt1                                       E03E       3       3       0   .init       
     rt2                                       E041       3       3       0   .init       
     rt3                                       E044       9       9       0   .init       
     IRQ_ISR                                   E04D      17      23       0   .init       
- VARIABLES:
- LABELS:
     __SEG_END_SSTACK                           140       0       0       1               

*********************************************************************************************
MODULE STATISTIC
  Name                                      Data   Code  Const
---------------------------------------------------------------------------------------------
  main_asm.obj                                 0    100      0
  other                                       64      4      0

*********************************************************************************************
SECTION USE IN OBJECT-ALLOCATION SECTION
---------------------------------------------------------------------------------------------
SECTION: ".init"
  main _Startup mainLoop config IRQ_Config debounce db1 db2 db3 retardo rt1 
  rt2 rt3 IRQ_ISR 

*********************************************************************************************
OBJECT LIST SORTED BY ADDRESS
     Name                                      Addr   hSize   dSize     Ref    Section   RLIB
---------------------------------------------------------------------------------------------
     main                                      E000       0       0       0   .init       
     _Startup                                  E000       8       8       0   .init       
     mainLoop                                  E008       D      13       0   .init       
     config                                    E015       C      12       1   .init       
     IRQ_Config                                E021       A      10       1   .init       
     debounce                                  E02B       2       2       1   .init       
     db1                                       E02D       3       3       0   .init       
     db2                                       E030       3       3       0   .init       
     db3                                       E033       9       9       0   .init       
     retardo                                   E03C       2       2       3   .init       
     rt1                                       E03E       3       3       0   .init       
     rt2                                       E041       3       3       0   .init       
     rt3                                       E044       9       9       0   .init       
     IRQ_ISR                                   E04D      17      23       0   .init       

*********************************************************************************************
UNUSED-OBJECTS SECTION
---------------------------------------------------------------------------------------------

*********************************************************************************************
COPYDOWN SECTION
---------------------------------------------------------------------------------------------

*********************************************************************************************
OBJECT-DEPENDENCIES SECTION
---------------------------------------------------------------------------------------------
_Startup                  USES __SEG_END_SSTACK config 
mainLoop                  USES retardo 
config                    USES IRQ_Config 
IRQ_ISR                   USES debounce retardo 

*********************************************************************************************
DEPENDENCY TREE
*********************************************************************************************
 main and _Startup Group
 | 
 +- main                
 |    
 +- _Startup            
    | 
    +- config              
       | 
       +- IRQ_Config          
            
 IRQ_ISR             
 | 
 +- debounce            
 |    
 +- retardo             
      
*********************************************************************************************
STATISTIC SECTION
---------------------------------------------------------------------------------------------

ExeFile:
--------
Number of blocks to be downloaded: 3
Total size of all blocks to be downloaded: 104

